default-cap:
  1: |
    |-
      jenkins:
        authorizationStrategy:
          loggedInUsersCanDoAnything:
            allowAnonymousRead: false
        securityRealm:
          local:
            allowsSignup: false
            enableCaptcha: false
            users:
            - id: "${chart-admin-username}"
              name: "Jenkins Admin"
              password: "${chart-admin-password}"
        disableRememberMe: false
        mode: NORMAL
        numExecutors: 0
        labelString: ""
        projectNamingStrategy: "standard"
        markupFormatter:
          plainText
        clouds:
        - kubernetes:
            containerCapStr: "10"
            defaultsProviderTemplate: ""
            connectTimeout: "5"
            readTimeout: "15"
            jenkinsUrl: "http://my-release-jenkins.my-namespace.svc.cluster.local:8080"
            jenkinsTunnel: "my-release-jenkins-agent.my-namespace.svc.cluster.local:50000"
            skipTlsVerify: false
            usageRestricted: false
            maxRequestsPerHostStr: "32"
            retentionTimeout: "5"
            waitForPodSec: "600"
            name: "kubernetes"
            namespace: "my-namespace"
            restrictedPssSecurityContext: false
            serverUrl: "https://kubernetes.default"
            credentialsId: ""
            podLabels:
            - key: "jenkins/my-release-jenkins-agent"
              value: "true"
            templates:
              - name: "default"
                namespace: "my-namespace"
                id: 9173832a12680ee427b59f8d4a9219e974706d2a807007958c0f5eeedeee0d82
                containers:
                - name: "jnlp"
                  alwaysPullImage: false
                  args: "^${computer.jnlpmac} ^${computer.name}"
                  envVars:
                    - envVar:
                        key: "JENKINS_URL"
                        value: "http://my-release-jenkins.my-namespace.svc.cluster.local:8080/"
                  image: "jenkins/inbound-agent:3309.v27b_9314fd1a_4-4"
                  privileged: "false"
                  resourceLimitCpu: 512m
                  resourceLimitMemory: 512Mi
                  resourceRequestCpu: 512m
                  resourceRequestMemory: 512Mi
                  ttyEnabled: false
                  workingDir: /home/jenkins/agent
                idleMinutes: 0
                instanceCap: 2147483647
                label: "my-release-jenkins-agent "
                nodeUsageMode: "NORMAL"
                podRetention: Never
                showRawYaml: true
                serviceAccount: "default"
                slaveConnectTimeoutStr: "100"
                yamlMergeStrategy: override
                inheritYamlMergeStrategy: false
        slaveAgentPort: 50000
        crumbIssuer:
          standard:
            excludeClientIPFromCrumb: true
      security:
        apiToken:
          creationOfLegacyTokenEnabled: false
          tokenGenerationOnCreationEnabled: false
          usageStatisticsEnabled: true
      unclassified:
        location:
          url: http://my-release-jenkins:8080
limited-cap:
  1: |
    |-
      jenkins:
        authorizationStrategy:
          loggedInUsersCanDoAnything:
            allowAnonymousRead: false
        securityRealm:
          local:
            allowsSignup: false
            enableCaptcha: false
            users:
            - id: "${chart-admin-username}"
              name: "Jenkins Admin"
              password: "${chart-admin-password}"
        disableRememberMe: false
        mode: NORMAL
        numExecutors: 0
        labelString: ""
        projectNamingStrategy: "standard"
        markupFormatter:
          plainText
        clouds:
        - kubernetes:
            containerCapStr: "10"
            defaultsProviderTemplate: ""
            connectTimeout: "5"
            readTimeout: "15"
            jenkinsUrl: "http://my-release-jenkins.my-namespace.svc.cluster.local:8080"
            jenkinsTunnel: "my-release-jenkins-agent.my-namespace.svc.cluster.local:50000"
            skipTlsVerify: false
            usageRestricted: false
            maxRequestsPerHostStr: "32"
            retentionTimeout: "5"
            waitForPodSec: "600"
            name: "kubernetes"
            namespace: "my-namespace"
            restrictedPssSecurityContext: false
            serverUrl: "https://kubernetes.default"
            credentialsId: ""
            podLabels:
            - key: "jenkins/my-release-jenkins-agent"
              value: "true"
            templates:
              - name: "default"
                namespace: "my-namespace"
                id: bb8d2dd40188d32e71b3a4b8fc4988a3461c0cf05afba398e1b181248d0281cd
                containers:
                - name: "jnlp"
                  alwaysPullImage: false
                  args: "^${computer.jnlpmac} ^${computer.name}"
                  envVars:
                    - envVar:
                        key: "JENKINS_URL"
                        value: "http://my-release-jenkins.my-namespace.svc.cluster.local:8080/"
                  image: "jenkins/inbound-agent:3309.v27b_9314fd1a_4-4"
                  privileged: "false"
                  resourceLimitCpu: 512m
                  resourceLimitMemory: 512Mi
                  resourceRequestCpu: 512m
                  resourceRequestMemory: 512Mi
                  ttyEnabled: false
                  workingDir: /home/jenkins/agent
                idleMinutes: 0
                instanceCap: 5
                label: "my-release-jenkins-agent "
                nodeUsageMode: "NORMAL"
                podRetention: Never
                showRawYaml: true
                serviceAccount: "default"
                slaveConnectTimeoutStr: "100"
                yamlMergeStrategy: override
                inheritYamlMergeStrategy: false
        slaveAgentPort: 50000
        crumbIssuer:
          standard:
            excludeClientIPFromCrumb: true
      security:
        apiToken:
          creationOfLegacyTokenEnabled: false
          tokenGenerationOnCreationEnabled: false
          usageStatisticsEnabled: true
      unclassified:
        location:
          url: http://my-release-jenkins:8080
